Archive member included because of file (symbol)

lib/lib.a(ctype.o)            kernel/kernel.o (_ctype)
lib/lib.a(_exit.o)            init/main.o (_exit)
lib/lib.a(open.o)             init/main.o (open)
lib/lib.a(close.o)            init/main.o (close)
lib/lib.a(errno.o)            init/main.o (errno)
lib/lib.a(write.o)            init/main.o (write)
lib/lib.a(dup.o)              init/main.o (dup)
lib/lib.a(setsid.o)           init/main.o (setsid)
lib/lib.a(execve.o)           init/main.o (execve)
lib/lib.a(wait.o)             init/main.o (wait)
lib/lib.a(string.o)           kernel/kernel.o (memcpy)
lib/lib.a(keyclear.o)         kernel/kernel.o (keyclear)

Allocating common symbols
Common symbol       size              file

errno               0x4               lib/lib.a(errno.o)
hash_table          0x4cc             fs/fs.o
___strtok           0x4               lib/lib.a(string.o)
r                   0x4               kernel/kernel.o
user_stack          0x1000            kernel/kernel.o
_ctmp               0x1               lib/lib.a(ctype.o)
kljuc               0x400             kernel/kernel.o
pomocniKljuc        0x400             kernel/kernel.o
super_block         0x340             fs/fs.o
globalKey           0x400             kernel/kernel.o
file_table          0x400             fs/fs.o
permutacija         0x1000            kernel/kernel.o

Discarded input sections

 .note.GNU-stack
                0x0000000000000000        0x0 init/main.o
 .note.GNU-stack
                0x0000000000000000        0x0 kernel/kernel.o
 .note.GNU-stack
                0x0000000000000000        0x0 mm/mm.o
 .note.GNU-stack
                0x0000000000000000        0x0 fs/fs.o
 .note.GNU-stack
                0x0000000000000000        0x0 lib/lib.a(ctype.o)
 .note.GNU-stack
                0x0000000000000000        0x0 lib/lib.a(_exit.o)
 .note.GNU-stack
                0x0000000000000000        0x0 lib/lib.a(open.o)
 .note.GNU-stack
                0x0000000000000000        0x0 lib/lib.a(close.o)
 .note.GNU-stack
                0x0000000000000000        0x0 lib/lib.a(errno.o)
 .note.GNU-stack
                0x0000000000000000        0x0 lib/lib.a(write.o)
 .note.GNU-stack
                0x0000000000000000        0x0 lib/lib.a(dup.o)
 .note.GNU-stack
                0x0000000000000000        0x0 lib/lib.a(setsid.o)
 .note.GNU-stack
                0x0000000000000000        0x0 lib/lib.a(execve.o)
 .note.GNU-stack
                0x0000000000000000        0x0 lib/lib.a(wait.o)
 .note.GNU-stack
                0x0000000000000000        0x0 lib/lib.a(string.o)
 .note.GNU-stack
                0x0000000000000000        0x0 lib/lib.a(keyclear.o)

Memory Configuration

Name             Origin             Length             Attributes
*default*        0x0000000000000000 0xffffffffffffffff

Linker script and memory map

Address of section .text set to 0x0
LOAD boot/head.o
LOAD init/main.o
LOAD kernel/kernel.o
LOAD mm/mm.o
LOAD fs/fs.o
LOAD lib/lib.a
                0x0000000008048000                PROVIDE (__executable_start, 0x8048000)
                0x0000000008048094                . = (0x8048000 + SIZEOF_HEADERS)

.interp
 *(.interp)

.note.gnu.build-id
 *(.note.gnu.build-id)

.hash
 *(.hash)

.gnu.hash
 *(.gnu.hash)

.dynsym
 *(.dynsym)

.dynstr
 *(.dynstr)

.gnu.version
 *(.gnu.version)

.gnu.version_d
 *(.gnu.version_d)

.gnu.version_r
 *(.gnu.version_r)

.rel.dyn        0x0000000008048094        0x0
 *(.rel.init)
 *(.rel.text .rel.text.* .rel.gnu.linkonce.t.*)
 .rel.text      0x0000000000000000        0x0 boot/head.o
 *(.rel.fini)
 *(.rel.rodata .rel.rodata.* .rel.gnu.linkonce.r.*)
 *(.rel.data.rel.ro* .rel.gnu.linkonce.d.rel.ro.*)
 *(.rel.data .rel.data.* .rel.gnu.linkonce.d.*)
 .rel.data      0x0000000000000000        0x0 boot/head.o
 *(.rel.tdata .rel.tdata.* .rel.gnu.linkonce.td.*)
 *(.rel.tbss .rel.tbss.* .rel.gnu.linkonce.tb.*)
 *(.rel.ctors)
 *(.rel.dtors)
 *(.rel.got)
 *(.rel.bss .rel.bss.* .rel.gnu.linkonce.b.*)
 *(.rel.ifunc)

.rel.plt        0x0000000008048094        0x0
 *(.rel.plt)
                0x0000000008048094                PROVIDE (__rel_iplt_start, .)
 *(.rel.iplt)
 .rel.iplt      0x0000000000000000        0x0 boot/head.o
                0x0000000008048094                PROVIDE (__rel_iplt_end, .)

.init
 *(.init)

.plt            0x00000000080480a0        0x0
 *(.plt)
 *(.iplt)
 .iplt          0x0000000000000000        0x0 boot/head.o

.text           0x0000000000000000    0x114cb
 *(.text.unlikely .text.*_unlikely)
 *(.text.exit .text.exit.*)
 *(.text.startup .text.startup.*)
 *(.text.hot .text.hot.*)
 *(.text .stub .text.* .gnu.linkonce.t.*)
 .text          0x0000000000000000     0x5078 boot/head.o
                0x0000000000000000                startup_32
                0x0000000000000000                pg_dir
                0x0000000000004078                idt
                0x0000000000004878                gdt
 *fill*         0x0000000000005078        0x8 90909090
 .text          0x0000000000005080      0x370 init/main.o
                0x00000000000050c1                init
                0x0000000000005232                main
 .text          0x00000000000053f0     0x5ab7 kernel/kernel.o
                0x00000000000053f0                sys_alarm
                0x0000000000005417                sys_getpid
                0x0000000000005423                sys_getppid
                0x000000000000542f                sys_getuid
                0x000000000000543c                sys_geteuid
                0x0000000000005449                sys_getgid
                0x0000000000005456                sys_getegid
                0x0000000000005463                sys_nice
                0x000000000000547c                sys_signal
                0x00000000000054b9                math_state_restore
                0x00000000000054f0                schedule
                0x00000000000055e1                sys_pause
                0x00000000000055f7                sleep_on
                0x0000000000005651                interruptible_sleep_on
                0x00000000000056bb                wake_up
                0x00000000000056d7                do_timer
                0x000000000000571d                sched_init
                0x0000000000005844                system_call
                0x0000000000005936                timer_interrupt
                0x0000000000005972                sys_execve
                0x0000000000005980                sys_fork
                0x0000000000005998                hd_interrupt
                0x0000000000005b45                do_double_fault
                0x0000000000005b5e                do_general_protection
                0x0000000000005b77                do_divide_error
                0x0000000000005b90                do_int3
                0x0000000000005c48                do_nmi
                0x0000000000005c61                do_debug
                0x0000000000005c7a                do_overflow
                0x0000000000005c93                do_bounds
                0x0000000000005cac                do_invalid_op
                0x0000000000005cc5                do_device_not_available
                0x0000000000005cde                do_coprocessor_segment_overrun
                0x0000000000005cf7                do_invalid_TSS
                0x0000000000005d10                do_segment_not_present
                0x0000000000005d29                do_stack_segment
                0x0000000000005d42                do_coprocessor_error
                0x0000000000005d5b                do_reserved
                0x0000000000005d74                trap_init
                0x0000000000005f30                divide_error
                0x0000000000005f65                debug
                0x0000000000005f6c                nmi
                0x0000000000005f73                int3
                0x0000000000005f7a                overflow
                0x0000000000005f81                bounds
                0x0000000000005f88                invalid_op
                0x0000000000005f97                device_not_available
                0x0000000000005fc4                coprocessor_segment_overrun
                0x0000000000005fce                reserved
                0x0000000000005fd8                coprocessor_error
                0x0000000000005fe2                double_fault
                0x0000000000006019                invalid_TSS
                0x0000000000006020                segment_not_present
                0x0000000000006027                stack_segment
                0x000000000000602e                general_protection
                0x0000000000006038                verify_area
                0x000000000000609d                copy_mem
                0x0000000000006193                copy_process
                0x000000000000642b                find_empty_process
                0x000000000000648c                panic
                0x00000000000064a8                printk
                0x0000000000006736                vsprintf
                0x0000000000006aa0                tty_init
                0x0000000000006ab1                tty_intr
                0x0000000000006af6                copy_to_cooked
                0x0000000000006dac                tty_read
                0x000000000000706e                tty_write
                0x000000000000724b                do_tty_interrupt
                0x0000000000007475                mark
                0x00000000000074d7                from_clipboard
                0x00000000000075a0                csi_m
                0x00000000000075fb                prikazi_root_velicinu
                0x00000000000076ab                con_write
                0x000000000000801a                init_tool
                0x000000000000823e                go_up
                0x00000000000082fc                go_down
                0x00000000000083b5                clipboard_write
                0x0000000000008500                paste
                0x0000000000008655                populate_explorer
                0x000000000000891d                from_explorer
                0x0000000000008a11                go_right
                0x0000000000008b31                go_left
                0x0000000000008bb7                con_init
                0x0000000000008c3a                sys_clear
                0x0000000000008c73                keyboard_interrupt
                0x0000000000009500                rs1_interrupt
                0x0000000000009508                rs2_interrupt
                0x0000000000009c69                rw_hd
                0x0000000000009d12                sys_setup
                0x0000000000009e11                unexpected_hd_interrupt
                0x0000000000009e24                hd_init
                0x000000000000a045                sys_ftime
                0x000000000000a04b                sys_mknod
                0x000000000000a051                sys_break
                0x000000000000a057                sys_mount
                0x000000000000a05d                sys_umount
                0x000000000000a063                sys_ustat
                0x000000000000a069                sys_ptrace
                0x000000000000a06f                sys_stty
                0x000000000000a075                sys_gtty
                0x000000000000a07b                sys_rename
                0x000000000000a081                sys_prof
                0x000000000000a087                sys_setgid
                0x000000000000a0e4                sys_acct
                0x000000000000a0ea                sys_phys
                0x000000000000a0f0                sys_lock
                0x000000000000a0f6                sys_mpx
                0x000000000000a0fc                sys_ulimit
                0x000000000000a102                sys_time
                0x000000000000a155                sys_setuid
                0x000000000000a1ae                sys_stime
                0x000000000000a1fb                sys_times
                0x000000000000a254                sys_brk
                0x000000000000a287                sys_setpgid
                0x000000000000a2fc                sys_getpgrp
                0x000000000000a308                sys_setsid
                0x000000000000a35d                sys_oldolduname
                0x000000000000a375                sys_uname
                0x000000000000a3c2                sys_umask
                0x000000000000a3e0                sys_null
                0x000000000000a402                random
                0x000000000000a446                sys_keyclear
                0x000000000000a4f6                sys_keyset
                0x000000000000a5b4                sys_keygen
                0x000000000000a65d                sys_visibi
                0x000000000000a674                timer
                0x000000000000a780                release
                0x000000000000a7da                do_kill
                0x000000000000aa53                sys_kill
                0x000000000000aa89                do_exit
                0x000000000000ac1c                sys_exit
                0x000000000000ac37                sys_waitpid
                0x000000000000adbe                rs_init
                0x000000000000ae16                rs_write
                0x000000000000ae40                kernel_mktime
 *fill*         0x000000000000aea7        0x1 90909090
 .text          0x000000000000aea8      0x517 mm/mm.o
                0x000000000000aea8                invalidate
                0x000000000000aeb1                copy_page
                0x000000000000aed6                get_free_page
                0x000000000000af0e                free_page
                0x000000000000af6e                free_page_tables
                0x000000000000b01e                copy_page_tables
                0x000000000000b118                put_page
                0x000000000000b1c5                un_wp_page
                0x000000000000b255                do_wp_page
                0x000000000000b285                write_verify
                0x000000000000b2c4                do_no_page
                0x000000000000b2f4                calc_mem
                0x000000000000b388                page_fault
 *fill*         0x000000000000b3bf        0x1 90909090
 .text          0x000000000000b3c0     0x5b2c fs/fs.o
                0x000000000000b3c0                sys_utime
                0x000000000000b429                sys_access
                0x000000000000b4c0                sys_chdir
                0x000000000000b523                sys_chroot
                0x000000000000b586                sys_chmod
                0x000000000000b61b                sys_chown
                0x000000000000b682                sys_open
                0x000000000000b816                sys_creat
                0x000000000000b839                sys_close
                0x000000000000b8c0                sys_lseek
                0x000000000000b97c                sys_read
                0x000000000000bad7                sys_write
                0x000000000000bfeb                sync_inodes
                0x000000000000c035                bmap
                0x000000000000c04e                create_block
                0x000000000000c067                iput
                0x000000000000c155                get_empty_inode
                0x000000000000c243                get_pipe_inode
                0x000000000000c28a                iget
                0x000000000000c477                sys_sync
                0x000000000000c4df                brelse
                0x000000000000c531                get_hash_table
                0x000000000000c590                getblk
                0x000000000000c82f                bread
                0x000000000000c889                buffer_init
                0x000000000000c924                do_mount
                0x000000000000cb2f                mount_root
                0x000000000000cc80                block_write
                0x000000000000cd63                block_read
                0x000000000000ce3a                ll_rw_block
                0x000000000000cf03                rw_char
                0x000000000000d267                copyTo
                0x000000000000d361                copyFrom
                0x000000000000d41c                file_encr
                0x000000000000d566                blockInit
                0x000000000000d767                sys_encr
                0x000000000000d834                file_decr
                0x000000000000d95b                sys_decr
                0x000000000000da77                file_read
                0x000000000000dc7a                file_write
                0x000000000000dfa6                sys_stat
                0x000000000000dfeb                sys_lstat
                0x000000000000e006                sys_fstat
                0x000000000000e049                sys_stat64
                0x000000000000e08e                sys_fstat64
                0x000000000000e0d1                sys_lstat64
                0x000000000000e0ec                sys_oldstat
                0x000000000000e104                sys_oldfstat
                0x000000000000e244                cp_block
                0x000000000000e279                is_valid_elf
                0x000000000000e2be                read_file_block_ind
                0x000000000000e353                read_file_block
                0x000000000000e452                copy_section
                0x000000000000e540                create_bss_section
                0x000000000000e566                load_elf_binary
                0x000000000000e771                do_execve
                0x000000000000ec04                read_pipe
                0x000000000000ec9d                write_pipe
                0x000000000000ed96                sys_pipe
                0x000000000000f3c9                namei
                0x000000000000f47f                open_namei
                0x000000000000f6e5                sys_mkdir
                0x000000000000f99a                sys_rmdir
                0x000000000000fd0c                sys_unlink
                0x000000000000fea8                sys_link
                0x0000000000010050                free_block
                0x000000000001018b                new_block
                0x000000000001030e                free_inode
                0x000000000001043a                new_inode
                0x000000000001061a                sys_dup2
                0x000000000001063a                sys_dup
                0x000000000001064a                sys_fcntl
                0x0000000000010707                sys_fcntl64
                0x000000000001075c                sys_ioctl
                0x00000000000107f9                tty_ioctl
                0x0000000000010ac5                truncate
                0x0000000000010bd0                sys_getdents
                0x0000000000010d5e                sys_getdents64
 .text          0x0000000000010eec        0x0 lib/lib.a(ctype.o)
 .text          0x0000000000010eec        0xe lib/lib.a(_exit.o)
                0x0000000000010eec                _exit
 *fill*         0x0000000000010efa        0x2 90909090
 .text          0x0000000000010efc       0x3d lib/lib.a(open.o)
                0x0000000000010efc                open
 *fill*         0x0000000000010f39        0x3 90909090
 .text          0x0000000000010f3c       0x23 lib/lib.a(close.o)
                0x0000000000010f3c                close
 *fill*         0x0000000000010f5f        0x1 90909090
 .text          0x0000000000010f60        0x0 lib/lib.a(errno.o)
 .text          0x0000000000010f60       0x3d lib/lib.a(write.o)
                0x0000000000010f60                write
 *fill*         0x0000000000010f9d        0x3 90909090
 .text          0x0000000000010fa0       0x23 lib/lib.a(dup.o)
                0x0000000000010fa0                dup
 *fill*         0x0000000000010fc3        0x1 90909090
 .text          0x0000000000010fc4       0x1e lib/lib.a(setsid.o)
                0x0000000000010fc4                setsid
 *fill*         0x0000000000010fe2        0x2 90909090
 .text          0x0000000000010fe4       0x3d lib/lib.a(execve.o)
                0x0000000000010fe4                execve
 *fill*         0x0000000000011021        0x3 90909090
 .text          0x0000000000011024       0x60 lib/lib.a(wait.o)
                0x0000000000011024                waitpid
                0x0000000000011061                wait
 .text          0x0000000000011084      0x421 lib/lib.a(string.o)
                0x0000000000011084                strcpy
                0x00000000000110ac                strncpy
                0x00000000000110dd                strcat
                0x0000000000011112                strncat
                0x0000000000011151                strcmp
                0x000000000001117f                strncmp
                0x00000000000111b4                strchr
                0x00000000000111d2                strrchr
                0x00000000000111f3                strspn
                0x0000000000011240                strcspn
                0x000000000001128d                strpbrk
                0x00000000000112d2                strstr
                0x0000000000011317                strlen
                0x0000000000011330                strtok
                0x00000000000113c1                memcpy
                0x00000000000113e7                memmove
                0x0000000000011435                memcmp
                0x0000000000011469                memchr
                0x000000000001148f                memset
 *fill*         0x00000000000114a5        0x3 90909090
 .text          0x00000000000114a8       0x23 lib/lib.a(keyclear.o)
                0x00000000000114a8                keyclear
 *(.gnu.warning)

.fini
 *(.fini)
                0x00000000000114cb                PROVIDE (__etext, .)
                0x00000000000114cb                PROVIDE (_etext, .)
                0x00000000000114cb                PROVIDE (etext, .)

.rodata         0x00000000000114e0     0x1458
 *(.rodata .rodata.* .gnu.linkonce.r.*)
 .rodata.str1.1
                0x00000000000114e0       0x68 init/main.o
 .rodata.str1.4
                0x0000000000011548       0x25 init/main.o
 *fill*         0x000000000001156d       0x13 00
 .rodata        0x0000000000011580      0x270 kernel/kernel.o
 .rodata.str1.1
                0x00000000000117f0      0x2a0 kernel/kernel.o
                                        0x2ae (size before relaxing)
 .rodata.str1.4
                0x0000000000011a90      0x21c kernel/kernel.o
 .rodata.str1.4
                0x0000000000011cac       0xe9 mm/mm.o
 .rodata.str1.1
                0x0000000000011d95       0x68 mm/mm.o
 *fill*         0x0000000000011dfd        0x3 00
 .rodata        0x0000000000011e00      0x4c4 fs/fs.o
 .rodata.str1.1
                0x00000000000122c4      0x340 fs/fs.o
                                        0x346 (size before relaxing)
 .rodata.str1.4
                0x0000000000012604      0x334 fs/fs.o

.rodata1
 *(.rodata1)

.eh_frame_hdr
 *(.eh_frame_hdr)

.eh_frame       0x0000000000012938     0x2798
 *(.eh_frame)
 .eh_frame      0x0000000000012938       0x74 init/main.o
 .eh_frame      0x00000000000129ac     0x104c kernel/kernel.o
                                       0x1184 (size before relaxing)
 .eh_frame      0x00000000000139f8      0x1a8 mm/mm.o
                                        0x1c0 (size before relaxing)
 .eh_frame      0x0000000000013ba0     0x11b8 fs/fs.o
                                       0x1368 (size before relaxing)
 .eh_frame      0x0000000000014d58       0x1c lib/lib.a(_exit.o)
                                         0x34 (size before relaxing)
 .eh_frame      0x0000000000014d74       0x20 lib/lib.a(open.o)
                                         0x38 (size before relaxing)
 .eh_frame      0x0000000000014d94       0x1c lib/lib.a(close.o)
                                         0x34 (size before relaxing)
 .eh_frame      0x0000000000014db0       0x20 lib/lib.a(write.o)
                                         0x38 (size before relaxing)
 .eh_frame      0x0000000000014dd0       0x1c lib/lib.a(dup.o)
                                         0x34 (size before relaxing)
 .eh_frame      0x0000000000014dec       0x14 lib/lib.a(setsid.o)
                                         0x2c (size before relaxing)
 .eh_frame      0x0000000000014e00       0x20 lib/lib.a(execve.o)
                                         0x38 (size before relaxing)
 .eh_frame      0x0000000000014e20       0x38 lib/lib.a(wait.o)
                                         0x50 (size before relaxing)
 .eh_frame      0x0000000000014e58      0x25c lib/lib.a(string.o)
                                        0x274 (size before relaxing)
 .eh_frame      0x00000000000150b4       0x1c lib/lib.a(keyclear.o)
                                         0x34 (size before relaxing)

.gcc_except_table
 *(.gcc_except_table .gcc_except_table.*)

.exception_ranges
 *(.exception_ranges .exception_ranges*)
                0x00000000000150d0                . = (ALIGN (0x1000) - ((0x1000 - .) & 0xfff))
                0x00000000000160d0                . = DATA_SEGMENT_ALIGN (0x1000, 0x1000)

.eh_frame
 *(.eh_frame)

.gcc_except_table
 *(.gcc_except_table .gcc_except_table.*)

.exception_ranges
 *(.exception_ranges .exception_ranges*)

.tdata
 *(.tdata .tdata.* .gnu.linkonce.td.*)

.tbss
 *(.tbss .tbss.* .gnu.linkonce.tb.*)
 *(.tcommon)

.preinit_array  0x00000000000160d0        0x0
                0x00000000000160d0                PROVIDE (__preinit_array_start, .)
 *(.preinit_array)
                0x00000000000160d0                PROVIDE (__preinit_array_end, .)

.init_array     0x00000000000160d0        0x0
                0x00000000000160d0                PROVIDE (__init_array_start, .)
 *(SORT(.init_array.*) SORT(.ctors.*))
 *(.init_array)
 *(EXCLUDE_FILE(*crtend?.o *crtend.o *crtbegin?.o *crtbegin.o) .ctors)
                0x00000000000160d0                PROVIDE (__init_array_end, .)

.fini_array     0x00000000000160d0        0x0
                0x00000000000160d0                PROVIDE (__fini_array_start, .)
 *(SORT(.fini_array.*) SORT(.dtors.*))
 *(.fini_array)
 *(EXCLUDE_FILE(*crtend?.o *crtend.o *crtbegin?.o *crtbegin.o) .dtors)
                0x00000000000160d0                PROVIDE (__fini_array_end, .)

.ctors
 *crtbegin.o(.ctors)
 *crtbegin?.o(.ctors)
 *(EXCLUDE_FILE(*crtend?.o *crtend.o) .ctors)
 *(SORT(.ctors.*))
 *(.ctors)

.dtors
 *crtbegin.o(.dtors)
 *crtbegin?.o(.dtors)
 *(EXCLUDE_FILE(*crtend?.o *crtend.o) .dtors)
 *(SORT(.dtors.*))
 *(.dtors)

.jcr
 *(.jcr)

.data.rel.ro
 *(.data.rel.ro.local* .gnu.linkonce.d.rel.ro.local.*)
 *(.data.rel.ro* .gnu.linkonce.d.rel.ro.*)

.dynamic
 *(.dynamic)

.got
 *(.got)
 *(.igot)
                0x00000000000160d0                . = DATA_SEGMENT_RELRO_END (., 0xc)

.got.plt        0x00000000000160d0        0x0
 *(.got.plt)
 *(.igot.plt)
 .igot.plt      0x0000000000000000        0x0 boot/head.o

.data           0x00000000000160e0     0x3ee4
 *(.data .data.* .gnu.linkonce.d.*)
 .data          0x00000000000160e0        0x0 boot/head.o
 .data          0x00000000000160e0       0x18 init/main.o
 *fill*         0x00000000000160f8        0x8 00
 .data          0x0000000000016100     0x3dac kernel/kernel.o
                0x0000000000016100                stack_start
                0x0000000000016120                task
                0x0000000000016220                current
                0x0000000000016240                sys_call_table
                0x0000000000017740                table_list
                0x0000000000017760                tty_table
                0x0000000000019c80                currentDir
                0x0000000000019d00                highlighted
 .data          0x0000000000019eac        0x0 mm/mm.o
 .data          0x0000000000019eac        0x8 fs/fs.o
                0x0000000000019eac                start_buffer
                0x0000000000019eb0                bstr
 *fill*         0x0000000000019eb4        0xc 00
 .data          0x0000000000019ec0      0x101 lib/lib.a(ctype.o)
                0x0000000000019ec0                _ctype
 *fill*         0x0000000000019fc1        0x3 00
 .data          0x0000000000019fc4        0x0 lib/lib.a(_exit.o)
 .data          0x0000000000019fc4        0x0 lib/lib.a(open.o)
 .data          0x0000000000019fc4        0x0 lib/lib.a(close.o)
 .data          0x0000000000019fc4        0x0 lib/lib.a(errno.o)
 .data          0x0000000000019fc4        0x0 lib/lib.a(write.o)
 .data          0x0000000000019fc4        0x0 lib/lib.a(dup.o)
 .data          0x0000000000019fc4        0x0 lib/lib.a(setsid.o)
 .data          0x0000000000019fc4        0x0 lib/lib.a(execve.o)
 .data          0x0000000000019fc4        0x0 lib/lib.a(wait.o)
 .data          0x0000000000019fc4        0x0 lib/lib.a(string.o)
 .data          0x0000000000019fc4        0x0 lib/lib.a(keyclear.o)

.data1
 *(.data1)
                0x0000000000019fc4                _edata = .
                0x0000000000019fc4                PROVIDE (edata, .)
                0x0000000000019fc4                __bss_start = .

.bss            0x0000000000019fe0     0x7e6c
 *(.dynbss)
 *(.bss .bss.* .gnu.linkonce.b.*)
 .bss           0x0000000000019fe0        0x0 boot/head.o
 .bss           0x0000000000019fe0      0x400 init/main.o
 .bss           0x000000000001a3e0      0xed4 kernel/kernel.o
                0x000000000001a3e0                last_task_used_math
                0x000000000001a3e4                startup_time
                0x000000000001a3e8                jiffies
                0x000000000001a3ec                last_pid
                0x000000000001a800                prikaz
                0x000000000001a820                colours
                0x000000000001a840                eValues
                0x000000000001ac40                cValues
                0x000000000001ad12                switchTool
                0x000000000001ad14                enableWrite
                0x000000000001ad16                fOne
                0x000000000001ada0                do_hd
 *fill*         0x000000000001b2b4        0xc 00
 .bss           0x000000000001b2c0      0xc00 mm/mm.o
 .bss           0x000000000001bec0     0x2730 fs/fs.o
                0x000000000001bec0                inode_table
                0x000000000001c5c4                nr_buffers
                0x000000000001c5e0                keys
                0x000000000001d5e0                encrypted
                0x000000000001e5e0                fileNum
 .bss           0x000000000001e5f0        0x0 lib/lib.a(ctype.o)
 .bss           0x000000000001e5f0        0x0 lib/lib.a(_exit.o)
 .bss           0x000000000001e5f0        0x0 lib/lib.a(open.o)
 .bss           0x000000000001e5f0        0x0 lib/lib.a(close.o)
 .bss           0x000000000001e5f0        0x0 lib/lib.a(errno.o)
 .bss           0x000000000001e5f0        0x0 lib/lib.a(write.o)
 .bss           0x000000000001e5f0        0x0 lib/lib.a(dup.o)
 .bss           0x000000000001e5f0        0x0 lib/lib.a(setsid.o)
 .bss           0x000000000001e5f0        0x0 lib/lib.a(execve.o)
 .bss           0x000000000001e5f0        0x0 lib/lib.a(wait.o)
 .bss           0x000000000001e5f0        0x0 lib/lib.a(string.o)
 .bss           0x000000000001e5f0        0x0 lib/lib.a(keyclear.o)
 *(COMMON)
 *fill*         0x000000000001e5f0       0x10 00
 COMMON         0x000000000001e600     0x2c20 kernel/kernel.o
                0x000000000001e600                r
                0x000000000001e620                user_stack
                0x000000000001f620                kljuc
                0x000000000001fa20                pomocniKljuc
                0x000000000001fe20                globalKey
                0x0000000000020220                permutacija
 COMMON         0x0000000000021220      0xc20 fs/fs.o
                0x0000000000021220                hash_table
                0x0000000000021700                super_block
                0x0000000000021a40                file_table
 COMMON         0x0000000000021e40        0x1 lib/lib.a(ctype.o)
                0x0000000000021e40                _ctmp
 *fill*         0x0000000000021e41        0x3 00
 COMMON         0x0000000000021e44        0x4 lib/lib.a(errno.o)
                0x0000000000021e44                errno
 COMMON         0x0000000000021e48        0x4 lib/lib.a(string.o)
                0x0000000000021e48                ___strtok
                0x0000000000021e4c                . = ALIGN ((. != 0x0)?0x4:0x1)
                0x0000000000021e4c                . = ALIGN (0x4)
                0x0000000000021e4c                . = ALIGN (0x4)
                0x0000000000021e4c                _end = .
                0x0000000000021e4c                PROVIDE (end, .)
                0x0000000000021e4c                . = DATA_SEGMENT_END (.)

.stab
 *(.stab)

.stabstr
 *(.stabstr)

.stab.excl
 *(.stab.excl)

.stab.exclstr
 *(.stab.exclstr)

.stab.index
 *(.stab.index)

.stab.indexstr
 *(.stab.indexstr)

.comment        0x0000000000000000       0x2a
 *(.comment)
 .comment       0x0000000000000000       0x2a init/main.o
                                         0x2b (size before relaxing)
 .comment       0x0000000000000000      0x22f kernel/kernel.o
 .comment       0x0000000000000000       0x2b mm/mm.o
 .comment       0x0000000000000000      0x331 fs/fs.o
 .comment       0x0000000000000000       0x2b lib/lib.a(ctype.o)
 .comment       0x0000000000000000       0x2b lib/lib.a(_exit.o)
 .comment       0x0000000000000000       0x2b lib/lib.a(open.o)
 .comment       0x0000000000000000       0x2b lib/lib.a(close.o)
 .comment       0x0000000000000000       0x2b lib/lib.a(errno.o)
 .comment       0x0000000000000000       0x2b lib/lib.a(write.o)
 .comment       0x0000000000000000       0x2b lib/lib.a(dup.o)
 .comment       0x0000000000000000       0x2b lib/lib.a(setsid.o)
 .comment       0x0000000000000000       0x2b lib/lib.a(execve.o)
 .comment       0x0000000000000000       0x2b lib/lib.a(wait.o)
 .comment       0x0000000000000000       0x2b lib/lib.a(string.o)
 .comment       0x0000000000000000       0x2b lib/lib.a(keyclear.o)

.debug
 *(.debug)

.line
 *(.line)

.debug_srcinfo
 *(.debug_srcinfo)

.debug_sfnames
 *(.debug_sfnames)

.debug_aranges  0x0000000000000000      0x560
 *(.debug_aranges)
 .debug_aranges
                0x0000000000000000       0x20 init/main.o
 .debug_aranges
                0x0000000000000020      0x1a0 kernel/kernel.o
 .debug_aranges
                0x00000000000001c0       0x20 mm/mm.o
 .debug_aranges
                0x00000000000001e0      0x240 fs/fs.o
 .debug_aranges
                0x0000000000000420       0x20 lib/lib.a(_exit.o)
 .debug_aranges
                0x0000000000000440       0x20 lib/lib.a(open.o)
 .debug_aranges
                0x0000000000000460       0x20 lib/lib.a(close.o)
 .debug_aranges
                0x0000000000000480       0x20 lib/lib.a(write.o)
 .debug_aranges
                0x00000000000004a0       0x20 lib/lib.a(dup.o)
 .debug_aranges
                0x00000000000004c0       0x20 lib/lib.a(setsid.o)
 .debug_aranges
                0x00000000000004e0       0x20 lib/lib.a(execve.o)
 .debug_aranges
                0x0000000000000500       0x20 lib/lib.a(wait.o)
 .debug_aranges
                0x0000000000000520       0x20 lib/lib.a(string.o)
 .debug_aranges
                0x0000000000000540       0x20 lib/lib.a(keyclear.o)

.debug_pubnames
 *(.debug_pubnames)

.debug_info     0x0000000000000000    0x1d097
 *(.debug_info .gnu.linkonce.wi.*)
 .debug_info    0x0000000000000000      0xcfd init/main.o
 .debug_info    0x0000000000000cfd     0xa0db kernel/kernel.o
 .debug_info    0x000000000000add8      0x4d6 mm/mm.o
 .debug_info    0x000000000000b2ae     0xf285 fs/fs.o
 .debug_info    0x000000000001a533       0x70 lib/lib.a(ctype.o)
 .debug_info    0x000000000001a5a3      0x3af lib/lib.a(_exit.o)
 .debug_info    0x000000000001a952      0x403 lib/lib.a(open.o)
 .debug_info    0x000000000001ad55      0x3ce lib/lib.a(close.o)
 .debug_info    0x000000000001b123       0x3f lib/lib.a(errno.o)
 .debug_info    0x000000000001b162      0x400 lib/lib.a(write.o)
 .debug_info    0x000000000001b562      0x3ce lib/lib.a(dup.o)
 .debug_info    0x000000000001b930      0x3cb lib/lib.a(setsid.o)
 .debug_info    0x000000000001bcfb      0x3fc lib/lib.a(execve.o)
 .debug_info    0x000000000001c0f7      0x428 lib/lib.a(wait.o)
 .debug_info    0x000000000001c51f      0x705 lib/lib.a(string.o)
 .debug_info    0x000000000001cc24      0x473 lib/lib.a(keyclear.o)

.debug_abbrev   0x0000000000000000     0x497e
 *(.debug_abbrev)
 .debug_abbrev  0x0000000000000000      0x1d7 init/main.o
 .debug_abbrev  0x00000000000001d7     0x1a12 kernel/kernel.o
 .debug_abbrev  0x0000000000001be9      0x1af mm/mm.o
 .debug_abbrev  0x0000000000001d98     0x2354 fs/fs.o
 .debug_abbrev  0x00000000000040ec       0x42 lib/lib.a(ctype.o)
 .debug_abbrev  0x000000000000412e       0xa3 lib/lib.a(_exit.o)
 .debug_abbrev  0x00000000000041d1       0xdc lib/lib.a(open.o)
 .debug_abbrev  0x00000000000042ad       0xb4 lib/lib.a(close.o)
 .debug_abbrev  0x0000000000004361       0x30 lib/lib.a(errno.o)
 .debug_abbrev  0x0000000000004391       0xd7 lib/lib.a(write.o)
 .debug_abbrev  0x0000000000004468       0xb4 lib/lib.a(dup.o)
 .debug_abbrev  0x000000000000451c       0xb2 lib/lib.a(setsid.o)
 .debug_abbrev  0x00000000000045ce       0xbb lib/lib.a(execve.o)
 .debug_abbrev  0x0000000000004689       0xd0 lib/lib.a(wait.o)
 .debug_abbrev  0x0000000000004759      0x128 lib/lib.a(string.o)
 .debug_abbrev  0x0000000000004881       0xfd lib/lib.a(keyclear.o)

.debug_line     0x0000000000000000     0x4029
 *(.debug_line)
 .debug_line    0x0000000000000000      0x11e init/main.o
 .debug_line    0x000000000000011e     0x1983 kernel/kernel.o
 .debug_line    0x0000000000001aa1      0x122 mm/mm.o
 .debug_line    0x0000000000001bc3     0x1f16 fs/fs.o
 .debug_line    0x0000000000003ad9       0x28 lib/lib.a(ctype.o)
 .debug_line    0x0000000000003b01       0x50 lib/lib.a(_exit.o)
 .debug_line    0x0000000000003b51       0x76 lib/lib.a(open.o)
 .debug_line    0x0000000000003bc7       0x6e lib/lib.a(close.o)
 .debug_line    0x0000000000003c35       0x28 lib/lib.a(errno.o)
 .debug_line    0x0000000000003c5d       0x8c lib/lib.a(write.o)
 .debug_line    0x0000000000003ce9       0x6c lib/lib.a(dup.o)
 .debug_line    0x0000000000003d55       0x88 lib/lib.a(setsid.o)
 .debug_line    0x0000000000003ddd       0x73 lib/lib.a(execve.o)
 .debug_line    0x0000000000003e50       0x90 lib/lib.a(wait.o)
 .debug_line    0x0000000000003ee0       0xc1 lib/lib.a(string.o)
 .debug_line    0x0000000000003fa1       0x88 lib/lib.a(keyclear.o)

.debug_frame
 *(.debug_frame)

.debug_str      0x0000000000000000     0x1caf
 *(.debug_str)
 .debug_str     0x0000000000000000      0x40b init/main.o
                                        0x4b8 (size before relaxing)
 .debug_str     0x000000000000040b      0xce5 kernel/kernel.o
                                       0x35f4 (size before relaxing)
 .debug_str     0x00000000000010f0      0x131 mm/mm.o
                                        0x1cc (size before relaxing)
 .debug_str     0x0000000000001221      0x9ad fs/fs.o
                                       0x56fc (size before relaxing)
 .debug_str     0x0000000000001bce       0x31 lib/lib.a(ctype.o)
                                         0x71 (size before relaxing)
 .debug_str     0x0000000000001bff        0x8 lib/lib.a(_exit.o)
                                        0x28f (size before relaxing)
 .debug_str     0x0000000000000000        0x8 lib/lib.a(open.o)
                                        0x29f (size before relaxing)
 .debug_str     0x0000000000001c07        0x8 lib/lib.a(close.o)
                                        0x291 (size before relaxing)
 .debug_str     0x0000000000001c0f        0x8 lib/lib.a(errno.o)
                                         0x43 (size before relaxing)
 .debug_str     0x0000000000000000        0x8 lib/lib.a(write.o)
                                        0x29d (size before relaxing)
 .debug_str     0x0000000000001c17        0x6 lib/lib.a(dup.o)
                                        0x289 (size before relaxing)
 .debug_str     0x0000000000001c1d        0x9 lib/lib.a(setsid.o)
                                        0x299 (size before relaxing)
 .debug_str     0x0000000000001c26        0x9 lib/lib.a(execve.o)
                                        0x2a2 (size before relaxing)
 .debug_str     0x0000000000001c2f       0x11 lib/lib.a(wait.o)
                                        0x2af (size before relaxing)
 .debug_str     0x0000000000001c40       0x64 lib/lib.a(string.o)
                                         0xf7 (size before relaxing)
 .debug_str     0x0000000000001ca4        0xb lib/lib.a(keyclear.o)
                                        0x2e6 (size before relaxing)

.debug_loc      0x0000000000000000     0xcf09
 *(.debug_loc)
 .debug_loc     0x0000000000000000      0x256 init/main.o
 .debug_loc     0x0000000000000256     0x4c07 kernel/kernel.o
 .debug_loc     0x0000000000004e5d      0x640 mm/mm.o
 .debug_loc     0x000000000000549d     0x745a fs/fs.o
 .debug_loc     0x000000000000c8f7       0x2c lib/lib.a(_exit.o)
 .debug_loc     0x000000000000c923       0x3f lib/lib.a(open.o)
 .debug_loc     0x000000000000c962       0x3f lib/lib.a(close.o)
 .debug_loc     0x000000000000c9a1       0x57 lib/lib.a(write.o)
 .debug_loc     0x000000000000c9f8       0x3f lib/lib.a(dup.o)
 .debug_loc     0x000000000000ca37       0x13 lib/lib.a(setsid.o)
 .debug_loc     0x000000000000ca4a       0x57 lib/lib.a(execve.o)
 .debug_loc     0x000000000000caa1       0x83 lib/lib.a(wait.o)
 .debug_loc     0x000000000000cb24      0x3a6 lib/lib.a(string.o)
 .debug_loc     0x000000000000ceca       0x3f lib/lib.a(keyclear.o)

.debug_macinfo
 *(.debug_macinfo)

.debug_weaknames
 *(.debug_weaknames)

.debug_funcnames
 *(.debug_funcnames)

.debug_typenames
 *(.debug_typenames)

.debug_varnames
 *(.debug_varnames)

.debug_pubtypes
 *(.debug_pubtypes)

.debug_ranges   0x0000000000000000      0x868
 *(.debug_ranges)
 .debug_ranges  0x0000000000000000      0x408 kernel/kernel.o
 .debug_ranges  0x0000000000000408      0x460 fs/fs.o

.gnu.attributes
 *(.gnu.attributes)

/DISCARD/
 *(.note.GNU-stack)
 *(.gnu_debuglink)
 *(.gnu.lto_*)
OUTPUT(tools/system elf32-i386)
